ROM0 bank #0:
	SECTION: $0000-$002d ($002e bytes) ["main"]
	         $0000 = main
	         $001d = main.message_u1
	         $001d = main.wait_vblank_u2
	         $0029 = main.loop
	EMPTY: $0012 bytes
	SECTION: $0040-$0046 ($0007 bytes) ["vblank_interrupt"]
	EMPTY: $0001 byte
	SECTION: $0048-$004a ($0003 bytes) ["lcd_interrupt"]
	EMPTY: $0005 bytes
	SECTION: $0050-$0052 ($0003 bytes) ["timer_interrupt"]
	EMPTY: $0005 bytes
	SECTION: $0058-$005a ($0003 bytes) ["serial_interrupt"]
	SECTION: $005b-$00f1 ($0097 bytes) ["printer_initialize"]
	         $005b = PrinterInitialize
	         $0074 = PrinterInitialize.clear_u1
	         $0083 = PrinterInitialize.clear_u2
	         $0092 = PrinterInitialize.clear_u3
	         $00b4 = PrinterInitialize.set_line
	EMPTY: $000e bytes
	SECTION: $0100-$014f ($0050 bytes) ["header"]
	         $0100 = entrypoint
	SECTION: $0150-$0db2 ($0c63 bytes) ["protocol"]
	         $0150 = ProtocolInitialize
	         $0167 = DmgColors
	         $016f = RefreshPalette
	         $0193 = RefreshPalette.message_u1
	         $01f4 = ProcessChunks
	         $0210 = ProcessChunks.decompress_chunk_u2
	         $0215 = ProcessChunks.repeat_byte_u2
	         $0233 = ProcessChunks.copy_single_byte_u2
	         $023a = ProcessChunks.raw_bytes_u2
	         $0254 = ProcessChunks.copy_raw_bytes_u2
	         $025a = ProcessChunks.byte_decompression_done_u2
	         $0268 = ProcessChunks.chunk_decompression_done_u2
	         $0270 = ProcessChunks.copy_all_blocks_u2
	         $0272 = ProcessChunks.copy_single_block_u2
	         $027c = ProcessChunks.skip_chunk_decompression_u2
	         $0298 = ProcessChunks.decompress_chunk_u3
	         $029d = ProcessChunks.repeat_byte_u3
	         $02bb = ProcessChunks.copy_single_byte_u3
	         $02c2 = ProcessChunks.raw_bytes_u3
	         $02dc = ProcessChunks.copy_raw_bytes_u3
	         $02e2 = ProcessChunks.byte_decompression_done_u3
	         $02f0 = ProcessChunks.chunk_decompression_done_u3
	         $02f8 = ProcessChunks.copy_all_blocks_u3
	         $02fa = ProcessChunks.copy_single_block_u3
	         $0304 = ProcessChunks.skip_chunk_decompression_u3
	         $0320 = ProcessChunks.decompress_chunk_u4
	         $0325 = ProcessChunks.repeat_byte_u4
	         $0343 = ProcessChunks.copy_single_byte_u4
	         $034a = ProcessChunks.raw_bytes_u4
	         $0364 = ProcessChunks.copy_raw_bytes_u4
	         $036a = ProcessChunks.byte_decompression_done_u4
	         $0378 = ProcessChunks.chunk_decompression_done_u4
	         $0380 = ProcessChunks.copy_all_blocks_u4
	         $0382 = ProcessChunks.copy_single_block_u4
	         $038c = ProcessChunks.skip_chunk_decompression_u4
	         $03a8 = ProcessChunks.decompress_chunk_u5
	         $03ad = ProcessChunks.repeat_byte_u5
	         $03cb = ProcessChunks.copy_single_byte_u5
	         $03d2 = ProcessChunks.raw_bytes_u5
	         $03ec = ProcessChunks.copy_raw_bytes_u5
	         $03f2 = ProcessChunks.byte_decompression_done_u5
	         $0400 = ProcessChunks.chunk_decompression_done_u5
	         $0408 = ProcessChunks.copy_all_blocks_u5
	         $040a = ProcessChunks.copy_single_block_u5
	         $0414 = ProcessChunks.skip_chunk_decompression_u5
	         $0430 = ProcessChunks.decompress_chunk_u6
	         $0435 = ProcessChunks.repeat_byte_u6
	         $0453 = ProcessChunks.copy_single_byte_u6
	         $045a = ProcessChunks.raw_bytes_u6
	         $0474 = ProcessChunks.copy_raw_bytes_u6
	         $047a = ProcessChunks.byte_decompression_done_u6
	         $0488 = ProcessChunks.chunk_decompression_done_u6
	         $0490 = ProcessChunks.copy_all_blocks_u6
	         $0492 = ProcessChunks.copy_single_block_u6
	         $049c = ProcessChunks.skip_chunk_decompression_u6
	         $04b8 = ProcessChunks.decompress_chunk_u7
	         $04bd = ProcessChunks.repeat_byte_u7
	         $04db = ProcessChunks.copy_single_byte_u7
	         $04e2 = ProcessChunks.raw_bytes_u7
	         $04fc = ProcessChunks.copy_raw_bytes_u7
	         $0502 = ProcessChunks.byte_decompression_done_u7
	         $0510 = ProcessChunks.chunk_decompression_done_u7
	         $0518 = ProcessChunks.copy_all_blocks_u7
	         $051a = ProcessChunks.copy_single_block_u7
	         $0524 = ProcessChunks.skip_chunk_decompression_u7
	         $0540 = ProcessChunks.decompress_chunk_u8
	         $0545 = ProcessChunks.repeat_byte_u8
	         $0563 = ProcessChunks.copy_single_byte_u8
	         $056a = ProcessChunks.raw_bytes_u8
	         $0584 = ProcessChunks.copy_raw_bytes_u8
	         $058a = ProcessChunks.byte_decompression_done_u8
	         $0598 = ProcessChunks.chunk_decompression_done_u8
	         $05a0 = ProcessChunks.copy_all_blocks_u8
	         $05a2 = ProcessChunks.copy_single_block_u8
	         $05ac = ProcessChunks.skip_chunk_decompression_u8
	         $05c8 = ProcessChunks.decompress_chunk_u9
	         $05cd = ProcessChunks.repeat_byte_u9
	         $05eb = ProcessChunks.copy_single_byte_u9
	         $05f2 = ProcessChunks.raw_bytes_u9
	         $060c = ProcessChunks.copy_raw_bytes_u9
	         $0612 = ProcessChunks.byte_decompression_done_u9
	         $0620 = ProcessChunks.chunk_decompression_done_u9
	         $0628 = ProcessChunks.copy_all_blocks_u9
	         $062a = ProcessChunks.copy_single_block_u9
	         $0634 = ProcessChunks.skip_chunk_decompression_u9
	         $0650 = ProcessChunks.decompress_chunk_u10
	         $0655 = ProcessChunks.repeat_byte_u10
	         $0673 = ProcessChunks.copy_single_byte_u10
	         $067a = ProcessChunks.raw_bytes_u10
	         $0694 = ProcessChunks.copy_raw_bytes_u10
	         $069a = ProcessChunks.byte_decompression_done_u10
	         $06a8 = ProcessChunks.chunk_decompression_done_u10
	         $06b0 = ProcessChunks.copy_all_blocks_u10
	         $06b2 = ProcessChunks.copy_single_block_u10
	         $06bc = ProcessChunks.skip_chunk_decompression_u10
	         $06c5 = ProcessChunks.compute_data_size
	         $06f7 = ProcessChunks.has_chunk
	         $06f7 = ProcessChunks.message_u11
	         $06ff = GenerateUserTriggeredErrors
	         $070c = GenerateUserTriggeredErrors.low_battery
	         $0714 = GenerateUserTriggeredErrors.other_error
	         $071c = GenerateUserTriggeredErrors.paper_jam
	         $0724 = GenerateUserTriggeredErrors.packet_error
	         $0725 = ProtocolUpdate
	         $0739 = TransferTiles
	         $074b = TransferTiles.vram_transfer
	         $0777 = ClearUnusedTiles
	         $0787 = ClearUnusedTiles.clear_tiles
	         $0794 = ClearUnusedTiles.vram_clear
	         $07a9 = ClearUnusedTiles.clearing_over
	         $07d0 = ClearUnusedTiles.message_u12
	         $07d1 = ProtocolUpdateVblank
	         $07e8 = Reset
	         $0805 = ProtocolCheckTimeout
	         $0829 = ProtocolCheckTimeout.message_u13
	         $082c = ProtocolCheckTimeout.reset
	         $082d = ProcessFunctionTable
	         $0845 = ProtocolHandlePacketByte
	         $085a = ChunkPropertyAddresses
	         $086e = ChunkAddresses
	         $0880 = ProcessMagicByte0
	         $08a2 = ProcessMagicByte0.message_u14
	         $08b9 = ProcessMagicByte0.message_u15
	         $08e4 = ProcessMagicByte0.test_u16
	         $08e4 = ProcessMagicByte0.message_u17
	         $08f7 = ProcessMagicByte1
	         $090e = ProcessMagicByte1.message_u18
	         $0939 = ProcessMagicByte1.test_u19
	         $0939 = ProcessMagicByte1.message_u20
	         $0948 = ProcessHeaderPacketType
	         $0982 = ProcessHeaderPacketType.message_u21
	         $098a = ProcessHeaderPacketType.type_init
	         $09af = ProcessHeaderPacketType.message_u22
	         $09b2 = ProcessHeaderPacketType.type_print
	         $09d6 = ProcessHeaderPacketType.message_u23
	         $09d9 = ProcessHeaderPacketType.type_data
	         $09fe = ProcessHeaderPacketType.message_u24
	         $0a22 = ProcessHeaderPacketType.message_u25
	         $0a24 = ProcessHeaderPacketType.type_break
	         $0a47 = ProcessHeaderPacketType.message_u26
	         $0a49 = ProcessHeaderPacketType.type_nul
	         $0a6b = ProcessHeaderPacketType.packet_type_done
	         $0a6b = ProcessHeaderPacketType.message_u27
	         $0a73 = ProcessHeaderDataCompression
	         $0ace = ProcessHeaderDataCompression.message_u28
	         $0ae8 = ProcessHeaderDataSizeLSB
	         $0b07 = ProcessHeaderDataSizeLSB.message_u29
	         $0b36 = ProcessHeaderDataSizeMSB
	         $0b55 = ProcessHeaderDataSizeMSB.message_u30
	         $0ba0 = ProcessHeaderDataSizeMSB.has_data
	         $0bb0 = ProcessHeaderDataSizeMSB.packet_data
	         $0bb9 = ProcessHeaderDataSizeMSB.packet_print
	         $0bdb = ProcessHeaderDataSizeMSB.message_u31
	         $0be0 = ProcessPacketData
	         $0c4e = ProcessPacketData.message_u32
	         $0c73 = ProcessPacketData.message_u33
	         $0c79 = ProcessPacketPrint
	         $0c8c = ProcessPacketPrint.message_u34
	         $0cce = ProcessPacketChecksumLSB
	         $0ce8 = ProcessPacketChecksumLSB.message_u35
	         $0d13 = ProcessPacketChecksumLSB.message_u36
	         $0d18 = ProcessPacketChecksumLSB.no_error
	         $0d20 = ProcessPacketChecksumMSB
	         $0d3a = ProcessPacketChecksumMSB.message_u37
	         $0d65 = ProcessPacketChecksumMSB.message_u38
	         $0d6a = ProcessPacketChecksumMSB.no_error
	         $0d73 = ProcessPacketAck
	         $0d84 = ProcessPacketAck.message_u39
	         $0d97 = ProcessPacketStatus
	         $0dab = ProcessPacketStatus.message_u40
	SECTION: $0db3-$0dff ($004d bytes) ["printer_update"]
	         $0db3 = PrinterUpdate
	         $0db7 = PrinterUpdate.wait_vblank
	SECTION: $0e00-$0e20 ($0021 bytes) ["interrupt_handlers"]
	         $0e00 = LcdInterrupt
	         $0e09 = TimerInterrupt
	         $0e15 = SerialInterrupt
	EMPTY: $71df bytes
	SLACK: $720a bytes

SUMMARY:
	ROM0: 3574 bytes used / 29194 free
