SUMMARY:
	ROM0: 3761 bytes used / 29007 free

ROM0 bank #0:
	SECTION: $0000-$002f ($0030 bytes) ["main"]
	         $0000 = main
	         $001d = main.message_u1
	         $001d = main.wait_vblank_u2
	         $002b = main.loop
	EMPTY: $0030-$003f ($0010 bytes)
	SECTION: $0040-$0047 ($0008 bytes) ["vblank_interrupt"]
	SECTION: $0048-$004a ($0003 bytes) ["lcd_interrupt"]
	EMPTY: $004b-$004f ($0005 bytes)
	SECTION: $0050-$0052 ($0003 bytes) ["timer_interrupt"]
	EMPTY: $0053-$0057 ($0005 bytes)
	SECTION: $0058-$005a ($0003 bytes) ["serial_interrupt"]
	SECTION: $005b-$00fe ($00a4 bytes) ["printer_initialize"]
	         $005b = PrinterInitialize
	         $0079 = PrinterInitialize.clear_u1
	         $0088 = PrinterInitialize.clear_u2
	         $0097 = PrinterInitialize.clear_u3
	         $00bd = PrinterInitialize.set_line
	EMPTY: $00ff-$00ff ($0001 byte)
	SECTION: $0100-$014f ($0050 bytes) ["header"]
	         $0100 = entrypoint
	SECTION: $0150-$0e55 ($0d06 bytes) ["protocol"]
	         $0150 = ProtocolInitialize
	         $016e = DmgColors
	         $0176 = RefreshPalette
	         $019a = RefreshPalette.message_u1
	         $0205 = ProcessChunks
	         $0222 = ProcessChunks.decompress_chunk_u2
	         $0227 = ProcessChunks.repeat_byte_u2
	         $0245 = ProcessChunks.copy_single_byte_u2
	         $024c = ProcessChunks.raw_bytes_u2
	         $0266 = ProcessChunks.copy_raw_bytes_u2
	         $026c = ProcessChunks.byte_decompression_done_u2
	         $027a = ProcessChunks.chunk_decompression_done_u2
	         $0282 = ProcessChunks.copy_all_blocks_u2
	         $0284 = ProcessChunks.copy_single_block_u2
	         $028e = ProcessChunks.skip_chunk_decompression_u2
	         $02ab = ProcessChunks.decompress_chunk_u3
	         $02b0 = ProcessChunks.repeat_byte_u3
	         $02ce = ProcessChunks.copy_single_byte_u3
	         $02d5 = ProcessChunks.raw_bytes_u3
	         $02ef = ProcessChunks.copy_raw_bytes_u3
	         $02f5 = ProcessChunks.byte_decompression_done_u3
	         $0303 = ProcessChunks.chunk_decompression_done_u3
	         $030b = ProcessChunks.copy_all_blocks_u3
	         $030d = ProcessChunks.copy_single_block_u3
	         $0317 = ProcessChunks.skip_chunk_decompression_u3
	         $0334 = ProcessChunks.decompress_chunk_u4
	         $0339 = ProcessChunks.repeat_byte_u4
	         $0357 = ProcessChunks.copy_single_byte_u4
	         $035e = ProcessChunks.raw_bytes_u4
	         $0378 = ProcessChunks.copy_raw_bytes_u4
	         $037e = ProcessChunks.byte_decompression_done_u4
	         $038c = ProcessChunks.chunk_decompression_done_u4
	         $0394 = ProcessChunks.copy_all_blocks_u4
	         $0396 = ProcessChunks.copy_single_block_u4
	         $03a0 = ProcessChunks.skip_chunk_decompression_u4
	         $03bd = ProcessChunks.decompress_chunk_u5
	         $03c2 = ProcessChunks.repeat_byte_u5
	         $03e0 = ProcessChunks.copy_single_byte_u5
	         $03e7 = ProcessChunks.raw_bytes_u5
	         $0401 = ProcessChunks.copy_raw_bytes_u5
	         $0407 = ProcessChunks.byte_decompression_done_u5
	         $0415 = ProcessChunks.chunk_decompression_done_u5
	         $041d = ProcessChunks.copy_all_blocks_u5
	         $041f = ProcessChunks.copy_single_block_u5
	         $0429 = ProcessChunks.skip_chunk_decompression_u5
	         $0446 = ProcessChunks.decompress_chunk_u6
	         $044b = ProcessChunks.repeat_byte_u6
	         $0469 = ProcessChunks.copy_single_byte_u6
	         $0470 = ProcessChunks.raw_bytes_u6
	         $048a = ProcessChunks.copy_raw_bytes_u6
	         $0490 = ProcessChunks.byte_decompression_done_u6
	         $049e = ProcessChunks.chunk_decompression_done_u6
	         $04a6 = ProcessChunks.copy_all_blocks_u6
	         $04a8 = ProcessChunks.copy_single_block_u6
	         $04b2 = ProcessChunks.skip_chunk_decompression_u6
	         $04cf = ProcessChunks.decompress_chunk_u7
	         $04d4 = ProcessChunks.repeat_byte_u7
	         $04f2 = ProcessChunks.copy_single_byte_u7
	         $04f9 = ProcessChunks.raw_bytes_u7
	         $0513 = ProcessChunks.copy_raw_bytes_u7
	         $0519 = ProcessChunks.byte_decompression_done_u7
	         $0527 = ProcessChunks.chunk_decompression_done_u7
	         $052f = ProcessChunks.copy_all_blocks_u7
	         $0531 = ProcessChunks.copy_single_block_u7
	         $053b = ProcessChunks.skip_chunk_decompression_u7
	         $0558 = ProcessChunks.decompress_chunk_u8
	         $055d = ProcessChunks.repeat_byte_u8
	         $057b = ProcessChunks.copy_single_byte_u8
	         $0582 = ProcessChunks.raw_bytes_u8
	         $059c = ProcessChunks.copy_raw_bytes_u8
	         $05a2 = ProcessChunks.byte_decompression_done_u8
	         $05b0 = ProcessChunks.chunk_decompression_done_u8
	         $05b8 = ProcessChunks.copy_all_blocks_u8
	         $05ba = ProcessChunks.copy_single_block_u8
	         $05c4 = ProcessChunks.skip_chunk_decompression_u8
	         $05e1 = ProcessChunks.decompress_chunk_u9
	         $05e6 = ProcessChunks.repeat_byte_u9
	         $0604 = ProcessChunks.copy_single_byte_u9
	         $060b = ProcessChunks.raw_bytes_u9
	         $0625 = ProcessChunks.copy_raw_bytes_u9
	         $062b = ProcessChunks.byte_decompression_done_u9
	         $0639 = ProcessChunks.chunk_decompression_done_u9
	         $0641 = ProcessChunks.copy_all_blocks_u9
	         $0643 = ProcessChunks.copy_single_block_u9
	         $064d = ProcessChunks.skip_chunk_decompression_u9
	         $066a = ProcessChunks.decompress_chunk_u10
	         $066f = ProcessChunks.repeat_byte_u10
	         $068d = ProcessChunks.copy_single_byte_u10
	         $0694 = ProcessChunks.raw_bytes_u10
	         $06ae = ProcessChunks.copy_raw_bytes_u10
	         $06b4 = ProcessChunks.byte_decompression_done_u10
	         $06c2 = ProcessChunks.chunk_decompression_done_u10
	         $06ca = ProcessChunks.copy_all_blocks_u10
	         $06cc = ProcessChunks.copy_single_block_u10
	         $06d6 = ProcessChunks.skip_chunk_decompression_u10
	         $06e0 = ProcessChunks.compute_data_size
	         $0715 = ProcessChunks.has_chunk
	         $0715 = ProcessChunks.message_u11
	         $071d = GenerateUserTriggeredErrors
	         $072b = GenerateUserTriggeredErrors.low_battery
	         $0734 = GenerateUserTriggeredErrors.other_error
	         $073d = GenerateUserTriggeredErrors.paper_jam
	         $0746 = GenerateUserTriggeredErrors.packet_error
	         $0747 = ProtocolUpdate
	         $075b = TransferTiles
	         $076f = TransferTiles.vram_transfer
	         $07a3 = ClearUnusedTiles
	         $07b5 = ClearUnusedTiles.clear_tiles
	         $07c4 = ClearUnusedTiles.vram_clear
	         $07dd = ClearUnusedTiles.clearing_over
	         $0804 = ClearUnusedTiles.message_u12
	         $0805 = ProtocolUpdateVblank
	         $081c = Reset
	         $0844 = ProtocolCheckTimeout
	         $086b = ProtocolCheckTimeout.message_u13
	         $086e = ProtocolCheckTimeout.reset
	         $086f = ProcessFunctionTable
	         $0887 = ProtocolHandlePacketByte
	         $089f = ChunkPropertyAddresses
	         $08b3 = ChunkAddresses
	         $08c5 = ProcessMagicByte0
	         $08e7 = ProcessMagicByte0.message_u14
	         $08fe = ProcessMagicByte0.message_u15
	         $092a = ProcessMagicByte0.test_u16
	         $092a = ProcessMagicByte0.message_u17
	         $0942 = ProcessMagicByte1
	         $0959 = ProcessMagicByte1.message_u18
	         $0985 = ProcessMagicByte1.test_u19
	         $0985 = ProcessMagicByte1.message_u20
	         $0998 = ProcessHeaderPacketType
	         $09d8 = ProcessHeaderPacketType.message_u21
	         $09e2 = ProcessHeaderPacketType.type_init
	         $0a07 = ProcessHeaderPacketType.message_u22
	         $0a0a = ProcessHeaderPacketType.type_print
	         $0a2e = ProcessHeaderPacketType.message_u23
	         $0a31 = ProcessHeaderPacketType.type_data
	         $0a56 = ProcessHeaderPacketType.message_u24
	         $0a7a = ProcessHeaderPacketType.message_u25
	         $0a7c = ProcessHeaderPacketType.type_break
	         $0a9f = ProcessHeaderPacketType.message_u26
	         $0aa1 = ProcessHeaderPacketType.type_nul
	         $0ac3 = ProcessHeaderPacketType.packet_type_done
	         $0ac3 = ProcessHeaderPacketType.message_u27
	         $0acd = ProcessHeaderDataCompression
	         $0b2a = ProcessHeaderDataCompression.message_u28
	         $0b4a = ProcessHeaderDataSizeLSB
	         $0b69 = ProcessHeaderDataSizeLSB.message_u29
	         $0ba0 = ProcessHeaderDataSizeMSB
	         $0bbf = ProcessHeaderDataSizeMSB.message_u30
	         $0c13 = ProcessHeaderDataSizeMSB.has_data
	         $0c27 = ProcessHeaderDataSizeMSB.packet_data
	         $0c31 = ProcessHeaderDataSizeMSB.packet_print
	         $0c53 = ProcessHeaderDataSizeMSB.message_u31
	         $0c59 = ProcessPacketData
	         $0cd5 = ProcessPacketData.message_u32
	         $0cfc = ProcessPacketData.message_u33
	         $0d02 = ProcessPacketPrint
	         $0d15 = ProcessPacketPrint.message_u34
	         $0d61 = ProcessPacketChecksumLSB
	         $0d7b = ProcessPacketChecksumLSB.message_u35
	         $0da8 = ProcessPacketChecksumLSB.message_u36
	         $0dad = ProcessPacketChecksumLSB.no_error
	         $0db7 = ProcessPacketChecksumMSB
	         $0dd1 = ProcessPacketChecksumMSB.message_u37
	         $0dfe = ProcessPacketChecksumMSB.message_u38
	         $0e03 = ProcessPacketChecksumMSB.no_error
	         $0e0e = ProcessPacketAck
	         $0e1f = ProcessPacketAck.message_u39
	         $0e38 = ProcessPacketStatus
	         $0e4c = ProcessPacketStatus.message_u40
	SECTION: $0e56-$0ea8 ($0053 bytes) ["printer_update"]
	         $0e56 = PrinterUpdate
	         $0e5a = PrinterUpdate.wait_vblank
	SECTION: $0ea9-$0ecb ($0023 bytes) ["interrupt_handlers"]
	         $0ea9 = LcdInterrupt
	         $0eb4 = TimerInterrupt
	         $0ec0 = SerialInterrupt
	EMPTY: $0ecc-$7fff ($7134 bytes)
	TOTAL EMPTY: $714f bytes
