ROM0 bank #0:
  SECTION: $0000-$0020 ($0021 bytes) ["interrupt_handlers"]
           $0000 = LcdInterrupt
           $0009 = TimerInterrupt
           $0015 = SerialInterrupt
  SECTION: $0021-$0031 ($0011 bytes) ["main"]
           $0021 = main
           $0021 = main.wait_vblank_u2
           $002d = main.loop
  SECTION: $0040-$0046 ($0007 bytes) ["vblank_interrupt"]
  SECTION: $0048-$004a ($0003 bytes) ["lcd_interrupt"]
  SECTION: $0050-$0052 ($0003 bytes) ["timer_interrupt"]
  SECTION: $0058-$005a ($0003 bytes) ["serial_interrupt"]
  SECTION: $005b-$00f1 ($0097 bytes) ["printer_initialize"]
           $005b = PrinterInitialize
           $0074 = PrinterInitialize.clear_u5
           $0083 = PrinterInitialize.clear_u6
           $0092 = PrinterInitialize.clear_u7
           $00b4 = PrinterInitialize.set_line
  SECTION: $0100-$014f ($0050 bytes) ["header"]
           $0100 = entrypoint
  SECTION: $0150-$0a24 ($08d5 bytes) ["protocol"]
           $0150 = ProtocolInitialize
           $0167 = DmgColors
           $016f = RefreshPalette
           $01d0 = ProcessChunks
           $01ec = ProcessChunks.decompress_chunk_u15
           $01f1 = ProcessChunks.repeat_byte_u15
           $020f = ProcessChunks.copy_single_byte_u15
           $0216 = ProcessChunks.raw_bytes_u15
           $0230 = ProcessChunks.copy_raw_bytes_u15
           $0236 = ProcessChunks.byte_decompression_done_u15
           $0244 = ProcessChunks.chunk_decompression_done_u15
           $024c = ProcessChunks.copy_all_blocks_u15
           $024e = ProcessChunks.copy_single_block_u15
           $0258 = ProcessChunks.skip_chunk_decompression_u15
           $0274 = ProcessChunks.decompress_chunk_u20
           $0279 = ProcessChunks.repeat_byte_u20
           $0297 = ProcessChunks.copy_single_byte_u20
           $029e = ProcessChunks.raw_bytes_u20
           $02b8 = ProcessChunks.copy_raw_bytes_u20
           $02be = ProcessChunks.byte_decompression_done_u20
           $02cc = ProcessChunks.chunk_decompression_done_u20
           $02d4 = ProcessChunks.copy_all_blocks_u20
           $02d6 = ProcessChunks.copy_single_block_u20
           $02e0 = ProcessChunks.skip_chunk_decompression_u20
           $02fc = ProcessChunks.decompress_chunk_u25
           $0301 = ProcessChunks.repeat_byte_u25
           $031f = ProcessChunks.copy_single_byte_u25
           $0326 = ProcessChunks.raw_bytes_u25
           $0340 = ProcessChunks.copy_raw_bytes_u25
           $0346 = ProcessChunks.byte_decompression_done_u25
           $0354 = ProcessChunks.chunk_decompression_done_u25
           $035c = ProcessChunks.copy_all_blocks_u25
           $035e = ProcessChunks.copy_single_block_u25
           $0368 = ProcessChunks.skip_chunk_decompression_u25
           $0384 = ProcessChunks.decompress_chunk_u30
           $0389 = ProcessChunks.repeat_byte_u30
           $03a7 = ProcessChunks.copy_single_byte_u30
           $03ae = ProcessChunks.raw_bytes_u30
           $03c8 = ProcessChunks.copy_raw_bytes_u30
           $03ce = ProcessChunks.byte_decompression_done_u30
           $03dc = ProcessChunks.chunk_decompression_done_u30
           $03e4 = ProcessChunks.copy_all_blocks_u30
           $03e6 = ProcessChunks.copy_single_block_u30
           $03f0 = ProcessChunks.skip_chunk_decompression_u30
           $040c = ProcessChunks.decompress_chunk_u35
           $0411 = ProcessChunks.repeat_byte_u35
           $042f = ProcessChunks.copy_single_byte_u35
           $0436 = ProcessChunks.raw_bytes_u35
           $0450 = ProcessChunks.copy_raw_bytes_u35
           $0456 = ProcessChunks.byte_decompression_done_u35
           $0464 = ProcessChunks.chunk_decompression_done_u35
           $046c = ProcessChunks.copy_all_blocks_u35
           $046e = ProcessChunks.copy_single_block_u35
           $0478 = ProcessChunks.skip_chunk_decompression_u35
           $0494 = ProcessChunks.decompress_chunk_u40
           $0499 = ProcessChunks.repeat_byte_u40
           $04b7 = ProcessChunks.copy_single_byte_u40
           $04be = ProcessChunks.raw_bytes_u40
           $04d8 = ProcessChunks.copy_raw_bytes_u40
           $04de = ProcessChunks.byte_decompression_done_u40
           $04ec = ProcessChunks.chunk_decompression_done_u40
           $04f4 = ProcessChunks.copy_all_blocks_u40
           $04f6 = ProcessChunks.copy_single_block_u40
           $0500 = ProcessChunks.skip_chunk_decompression_u40
           $051c = ProcessChunks.decompress_chunk_u45
           $0521 = ProcessChunks.repeat_byte_u45
           $053f = ProcessChunks.copy_single_byte_u45
           $0546 = ProcessChunks.raw_bytes_u45
           $0560 = ProcessChunks.copy_raw_bytes_u45
           $0566 = ProcessChunks.byte_decompression_done_u45
           $0574 = ProcessChunks.chunk_decompression_done_u45
           $057c = ProcessChunks.copy_all_blocks_u45
           $057e = ProcessChunks.copy_single_block_u45
           $0588 = ProcessChunks.skip_chunk_decompression_u45
           $05a4 = ProcessChunks.decompress_chunk_u50
           $05a9 = ProcessChunks.repeat_byte_u50
           $05c7 = ProcessChunks.copy_single_byte_u50
           $05ce = ProcessChunks.raw_bytes_u50
           $05e8 = ProcessChunks.copy_raw_bytes_u50
           $05ee = ProcessChunks.byte_decompression_done_u50
           $05fc = ProcessChunks.chunk_decompression_done_u50
           $0604 = ProcessChunks.copy_all_blocks_u50
           $0606 = ProcessChunks.copy_single_block_u50
           $0610 = ProcessChunks.skip_chunk_decompression_u50
           $062c = ProcessChunks.decompress_chunk_u55
           $0631 = ProcessChunks.repeat_byte_u55
           $064f = ProcessChunks.copy_single_byte_u55
           $0656 = ProcessChunks.raw_bytes_u55
           $0670 = ProcessChunks.copy_raw_bytes_u55
           $0676 = ProcessChunks.byte_decompression_done_u55
           $0684 = ProcessChunks.chunk_decompression_done_u55
           $068c = ProcessChunks.copy_all_blocks_u55
           $068e = ProcessChunks.copy_single_block_u55
           $0698 = ProcessChunks.skip_chunk_decompression_u55
           $06a1 = ProcessChunks.compute_data_size
           $06b5 = ProcessChunks.has_chunk
           $06bd = GenerateUserTriggeredErrors
           $06ca = GenerateUserTriggeredErrors.low_battery
           $06d2 = GenerateUserTriggeredErrors.other_error
           $06da = GenerateUserTriggeredErrors.paper_jam
           $06e2 = GenerateUserTriggeredErrors.packet_error
           $06e3 = ProtocolUpdate
           $06f7 = TransferTiles
           $0709 = TransferTiles.vram_transfer
           $0735 = ClearUnusedTiles
           $0745 = ClearUnusedTiles.clear_tiles
           $0752 = ClearUnusedTiles.vram_clear
           $0767 = ClearUnusedTiles.clearing_over
           $0774 = ProtocolUpdateVblank
           $078b = Reset
           $07a8 = ProtocolCheckTimeout
           $07b9 = ProtocolCheckTimeout.reset
           $07ba = ProcessFunctionTable
           $07d2 = ProtocolHandlePacketByte
           $07e7 = ChunkPropertyAddresses
           $07fb = ChunkAddresses
           $080d = ProcessMagicByte0
           $081e = ProcessMagicByte1
           $082b = ProcessHeaderPacketType
           $084d = ProcessHeaderPacketType.type_init
           $0854 = ProcessHeaderPacketType.type_print
           $085b = ProcessHeaderPacketType.type_data
           $0861 = ProcessHeaderPacketType.type_break
           $0867 = ProcessHeaderPacketType.packet_type_done
           $0867 = ProcessHeaderPacketType.type_nul
           $086f = ProcessHeaderDataCompression
           $089e = ProcessHeaderDataSizeLSB
           $08cd = ProcessHeaderDataSizeMSB
           $0918 = ProcessHeaderDataSizeMSB.has_data
           $0928 = ProcessHeaderDataSizeMSB.packet_data
           $0931 = ProcessHeaderDataSizeMSB.packet_print
           $0936 = ProcessPacketData
           $099d = ProcessPacketPrint
           $09df = ProcessPacketChecksumLSB
           $09ec = ProcessPacketChecksumLSB.no_error
           $09f4 = ProcessPacketChecksumMSB
           $0a01 = ProcessPacketChecksumMSB.no_error
           $0a0a = ProcessPacketAck
           $0a1d = ProcessPacketStatus
  SECTION: $0a25-$0a71 ($004d bytes) ["printer_update"]
           $0a25 = PrinterUpdate
           $0a29 = PrinterUpdate.wait_vblank
    SLACK: $75b5 bytes

USED:
    ROM0: $0a4b bytes in 1 bank
