SUMMARY:
	ROM0: 8453 bytes used / 24315 free

ROM0 bank #0:
	SECTION: $0000-$0001 ($0002 bytes) ["catch"]
	         $0000 = catch_loop
	         $0000 = catch
	SECTION: $0002-$0038 ($0037 bytes) ["cursor"]
	         $0002 = _Cursor_Initialize
	         $0004 = _Cursor_Hide
	         $000a = _Cursor_Show
	         $0010 = _Cursor_Disable
	         $0016 = _Cursor_Enable
	         $0025 = _Cursor_UpdateGraphics
	         $002b = _Cursor_UpdateGraphics.copy_u1
	EMPTY: $0039-$003f ($0007 bytes)
	SECTION: $0040-$004e ($000f bytes) ["vblank_interrupt"]
	SECTION: $004f-$00e7 ($0099 bytes) ["gamestate_lose"]
	         $004f = _GetRandom
	         $006f = _GetRandom.positive
	         $0070 = _ShakeScreen
	         $0076 = _ShakeScreen.not_zero_u1
	         $007a = _ShakeScreen.shake
	         $0093 = GameStateFunc_Lose
	         $00a5 = GameStateFunc_Lose.uncover_hidden
	         $00aa = GameStateFunc_Lose.no_vsync
	         $00c9 = GameStateFunc_Lose.no_mine
	         $00d3 = GameStateFunc_Lose.mine_check_end
	         $00d6 = GameStateFunc_Lose.not_hidden
	SECTION: $00e8-$00fb ($0014 bytes) ["main"]
	         $00e8 = main
	         $00eb = main.wait_vblank_u1
	         $00f7 = main.game_loop
	EMPTY: $00fc-$00ff ($0004 bytes)
	SECTION: $0100-$014f ($0050 bytes) ["header"]
	         $0100 = entrypoint
	SECTION: $0150-$194f ($1800 bytes) ["data"]
	         $0150 = tile_data_start
	         $1950 = tile_data_end
	SECTION: $1950-$1b10 ($01c1 bytes) ["window"]
	         $1950 = _Window_Initialize
	         $199f = _Window_Initialize.title
	         $1adf = _Window_Hide
	         $1aeb = _Window_Show
	         $1b02 = _Window_Update
	SECTION: $1b11-$1c1c ($010c bytes) ["board"]
	         $1b11 = _Board_Initialize
	         $1b14 = _Board_Initialize.set_memory_u1
	         $1b48 = _Board_Initialize.init_middle_lines
	         $1b8c = _Board_ConvertLogicalToBoardStateCoordinate
	         $1b9f = _Board_ConvertOamToBoardStateCoordinate
	         $1bb5 = _Board_RequestBoardTileChange
	         $1bc2 = _Board_ProcessBoardTileChangeRequest
	         $1bd2 = _Board_ProcessBoardTileChangeRequest.no_tile_operation
	         $1bd3 = _Board_ResetUncoverList
	         $1bd8 = _Board_PushIntoUncoverList
	         $1bfb = _Board_PushIntoUncoverList.already_added_to_list
	         $1bfc = _Board_PopFromUncoverList
	         $1c19 = _Board_PopFromUncoverList.cannot_pop
	         $1c1c = _Board_PopFromUncoverList.pop_done
	SECTION: $1c1d-$1ceb ($00cf bytes) ["minesweep"]
	         $1c1d = Initialize
	         $1c20 = Initialize.clear_u2
	         $1c2f = Initialize.clear_u3
	         $1c3e = Initialize.clear_u4
	         $1c5a = Initialize.copy_u5
	         $1c9d = Update
	         $1ceb = Update.call_return_address_u6
	SECTION: $1cec-$1db2 ($00c7 bytes) ["gamestate_uncover"]
	         $1cec = GameStateFunc_Uncover
	         $1cfe = GameStateFunc_Uncover.list_not_empty
	         $1d21 = GameStateFunc_Uncover.no_lose
	         $1d96 = GameStateFunc_Uncover.sum_not_zero
	         $1da1 = GameStateFunc_Uncover.no_win
	         $1da8 = GameStateFunc_Uncover.update_graphics
	SECTION: $1db3-$1e71 ($00bf bytes) ["gamestate_newgame"]
	         $1db3 = GameStateFunc_NewGame
	         $1db8 = GameStateFunc_NewGame.clear_board_u1
	         $1dbc = GameStateFunc_NewGame.clear_line_u1
	         $1dcd = GameStateFunc_NewGame.not_zero_u2
	         $1dd1 = GameStateFunc_NewGame.generating_mine_u3
	         $1dee = GameStateFunc_NewGame.lfsr_not_one_u3
	         $1e03 = GameStateFunc_NewGame.mine_count_for_coordinate_u4
	         $1e11 = GameStateFunc_NewGame.mine_count_for_column_u4
	         $1e13 = GameStateFunc_NewGame.mine_count_for_row_u4
	         $1e1f = GameStateFunc_NewGame.no_mine_u4
	         $1e61 = GameStateFunc_NewGame.clear_vram_line_u5
	         $1e66 = GameStateFunc_NewGame.clear_vram_location
	SECTION: $1e72-$1eff ($008e bytes) ["gamestate_play"]
	         $1e72 = GameStateFunc_Play
	         $1e86 = GameStateFunc_Play.no_left_wrap_u1
	         $1e88 = GameStateFunc_Play.left_not_pressed_u1
	         $1e99 = GameStateFunc_Play.no_right_wrap_u1
	         $1e9b = GameStateFunc_Play.right_not_pressed_u1
	         $1eac = GameStateFunc_Play.no_up_wrap_u1
	         $1eae = GameStateFunc_Play.up_not_pressed_u1
	         $1ebf = GameStateFunc_Play.no_down_wrap_u1
	         $1ec1 = GameStateFunc_Play.down_not_pressed_u1
	         $1ede = GameStateFunc_Play.no_flag_action_u2
	         $1efb = GameStateFunc_Play.actions_check_done_u2
	         $1efb = GameStateFunc_Play.no_uncover_action_u2
	SECTION: $1f00-$1f83 ($0084 bytes) ["sound"]
	         $1f00 = _sound_data
	         $1f2a = _sound_data_end
	         $1f2a = _Sound_Initialize
	         $1f3a = _Sound_Play
	         $1f3f = _Sound_Update
	         $1f5d = _Sound_Update.channel_1
	         $1f72 = _Sound_Update.channel_4
	SECTION: $1f84-$1fe1 ($005e bytes) ["counter"]
	         $1f84 = _Counter_Initialize
	         $1fa8 = _Counter_SetCount
	         $1faa = _Counter_SetCount.hundreds
	         $1fba = _Counter_SetCount.tens
	         $1fce = _Counter_UpdateGraphics
	         $1fd4 = _Counter_UpdateGraphics.copy_u1
	SECTION: $1fe2-$203e ($005d bytes) ["gamestate_flag"]
	         $1fe2 = GameStateFunc_PutFlag
	         $1ff4 = GameStateFunc_PutFlag.coordinate_is_valid
	         $2004 = GameStateFunc_PutFlag.coordinate_is_hidden
	         $201b = GameStateFunc_PutFlag.has_flag
	         $202c = GameStateFunc_PutFlag.flag_toggle_done
	SECTION: $203f-$2098 ($005a bytes) ["gamestate_win"]
	         $203f = GameStateFunc_Win
	         $205d = GameStateFunc_Win.victory_top_row_oam_show
	         $2068 = GameStateFunc_Win.victory_bottom_row_oam_show
	         $2071 = GameStateFunc_Win.wait
	         $2080 = GameStateFunc_Win.victory_top_row_oam_hide
	         $208b = GameStateFunc_Win.victory_bottom_row_oam_hide
	SECTION: $2099-$20dc ($0044 bytes) ["gamestate"]
	         $2099 = _game_state_functions
	         $20a9 = _GameState_Initialize
	         $20a9 = _game_state_functions_end
	         $20b2 = _GameState_Initialize.victory_top_row_oam_setup
	         $20ca = _GameState_Initialize.victory_bottom_row_oam_setup
	SECTION: $20dd-$20fc ($0020 bytes) ["gamestate_showresults"]
	         $20dd = GameStateFunc_ShowResults
	         $20df = GameStateFunc_ShowResults.wait
	         $20f5 = GameStateFunc_ShowResults.show_window_lost
	         $20fb = GameStateFunc_ShowResults.show_window_done
	SECTION: $20fd-$210f ($0013 bytes) ["gamestate_waitfornewgame"]
	         $20fd = GameStateFunc_WaitForNewGame
	         $210e = GameStateFunc_WaitForNewGame.start_not_released
	EMPTY: $2110-$7fff ($5ef0 bytes)
	TOTAL EMPTY: $5efb bytes
