ROM0 bank #0:
  SECTION: $0000-$002d ($002e bytes) ["main"]
           $0000 = main
           $001d = main.message_u1
           $001d = main.wait_vblank_u2
           $0029 = main.loop
  SECTION: $0040-$0046 ($0007 bytes) ["vblank_interrupt"]
  SECTION: $0048-$004a ($0003 bytes) ["lcd_interrupt"]
  SECTION: $0050-$0052 ($0003 bytes) ["timer_interrupt"]
  SECTION: $0058-$005a ($0003 bytes) ["serial_interrupt"]
  SECTION: $005b-$00f1 ($0097 bytes) ["printer_initialize"]
           $005b = PrinterInitialize
           $0074 = PrinterInitialize.clear_u5
           $0083 = PrinterInitialize.clear_u6
           $0092 = PrinterInitialize.clear_u7
           $00b4 = PrinterInitialize.set_line
  SECTION: $0100-$014f ($0050 bytes) ["header"]
           $0100 = entrypoint
  SECTION: $0150-$0db2 ($0c63 bytes) ["protocol"]
           $0150 = ProtocolInitialize
           $0167 = DmgColors
           $016f = RefreshPalette
           $0193 = RefreshPalette.message_u5
           $01f4 = ProcessChunks
           $0210 = ProcessChunks.decompress_chunk_u15
           $0215 = ProcessChunks.repeat_byte_u15
           $0233 = ProcessChunks.copy_single_byte_u15
           $023a = ProcessChunks.raw_bytes_u15
           $0254 = ProcessChunks.copy_raw_bytes_u15
           $025a = ProcessChunks.byte_decompression_done_u15
           $0268 = ProcessChunks.chunk_decompression_done_u15
           $0270 = ProcessChunks.copy_all_blocks_u15
           $0272 = ProcessChunks.copy_single_block_u15
           $027c = ProcessChunks.skip_chunk_decompression_u15
           $0298 = ProcessChunks.decompress_chunk_u20
           $029d = ProcessChunks.repeat_byte_u20
           $02bb = ProcessChunks.copy_single_byte_u20
           $02c2 = ProcessChunks.raw_bytes_u20
           $02dc = ProcessChunks.copy_raw_bytes_u20
           $02e2 = ProcessChunks.byte_decompression_done_u20
           $02f0 = ProcessChunks.chunk_decompression_done_u20
           $02f8 = ProcessChunks.copy_all_blocks_u20
           $02fa = ProcessChunks.copy_single_block_u20
           $0304 = ProcessChunks.skip_chunk_decompression_u20
           $0320 = ProcessChunks.decompress_chunk_u25
           $0325 = ProcessChunks.repeat_byte_u25
           $0343 = ProcessChunks.copy_single_byte_u25
           $034a = ProcessChunks.raw_bytes_u25
           $0364 = ProcessChunks.copy_raw_bytes_u25
           $036a = ProcessChunks.byte_decompression_done_u25
           $0378 = ProcessChunks.chunk_decompression_done_u25
           $0380 = ProcessChunks.copy_all_blocks_u25
           $0382 = ProcessChunks.copy_single_block_u25
           $038c = ProcessChunks.skip_chunk_decompression_u25
           $03a8 = ProcessChunks.decompress_chunk_u30
           $03ad = ProcessChunks.repeat_byte_u30
           $03cb = ProcessChunks.copy_single_byte_u30
           $03d2 = ProcessChunks.raw_bytes_u30
           $03ec = ProcessChunks.copy_raw_bytes_u30
           $03f2 = ProcessChunks.byte_decompression_done_u30
           $0400 = ProcessChunks.chunk_decompression_done_u30
           $0408 = ProcessChunks.copy_all_blocks_u30
           $040a = ProcessChunks.copy_single_block_u30
           $0414 = ProcessChunks.skip_chunk_decompression_u30
           $0430 = ProcessChunks.decompress_chunk_u35
           $0435 = ProcessChunks.repeat_byte_u35
           $0453 = ProcessChunks.copy_single_byte_u35
           $045a = ProcessChunks.raw_bytes_u35
           $0474 = ProcessChunks.copy_raw_bytes_u35
           $047a = ProcessChunks.byte_decompression_done_u35
           $0488 = ProcessChunks.chunk_decompression_done_u35
           $0490 = ProcessChunks.copy_all_blocks_u35
           $0492 = ProcessChunks.copy_single_block_u35
           $049c = ProcessChunks.skip_chunk_decompression_u35
           $04b8 = ProcessChunks.decompress_chunk_u40
           $04bd = ProcessChunks.repeat_byte_u40
           $04db = ProcessChunks.copy_single_byte_u40
           $04e2 = ProcessChunks.raw_bytes_u40
           $04fc = ProcessChunks.copy_raw_bytes_u40
           $0502 = ProcessChunks.byte_decompression_done_u40
           $0510 = ProcessChunks.chunk_decompression_done_u40
           $0518 = ProcessChunks.copy_all_blocks_u40
           $051a = ProcessChunks.copy_single_block_u40
           $0524 = ProcessChunks.skip_chunk_decompression_u40
           $0540 = ProcessChunks.decompress_chunk_u45
           $0545 = ProcessChunks.repeat_byte_u45
           $0563 = ProcessChunks.copy_single_byte_u45
           $056a = ProcessChunks.raw_bytes_u45
           $0584 = ProcessChunks.copy_raw_bytes_u45
           $058a = ProcessChunks.byte_decompression_done_u45
           $0598 = ProcessChunks.chunk_decompression_done_u45
           $05a0 = ProcessChunks.copy_all_blocks_u45
           $05a2 = ProcessChunks.copy_single_block_u45
           $05ac = ProcessChunks.skip_chunk_decompression_u45
           $05c8 = ProcessChunks.decompress_chunk_u50
           $05cd = ProcessChunks.repeat_byte_u50
           $05eb = ProcessChunks.copy_single_byte_u50
           $05f2 = ProcessChunks.raw_bytes_u50
           $060c = ProcessChunks.copy_raw_bytes_u50
           $0612 = ProcessChunks.byte_decompression_done_u50
           $0620 = ProcessChunks.chunk_decompression_done_u50
           $0628 = ProcessChunks.copy_all_blocks_u50
           $062a = ProcessChunks.copy_single_block_u50
           $0634 = ProcessChunks.skip_chunk_decompression_u50
           $0650 = ProcessChunks.decompress_chunk_u55
           $0655 = ProcessChunks.repeat_byte_u55
           $0673 = ProcessChunks.copy_single_byte_u55
           $067a = ProcessChunks.raw_bytes_u55
           $0694 = ProcessChunks.copy_raw_bytes_u55
           $069a = ProcessChunks.byte_decompression_done_u55
           $06a8 = ProcessChunks.chunk_decompression_done_u55
           $06b0 = ProcessChunks.copy_all_blocks_u55
           $06b2 = ProcessChunks.copy_single_block_u55
           $06bc = ProcessChunks.skip_chunk_decompression_u55
           $06c5 = ProcessChunks.compute_data_size
           $06f7 = ProcessChunks.has_chunk
           $06f7 = ProcessChunks.message_u61
           $06ff = GenerateUserTriggeredErrors
           $070c = GenerateUserTriggeredErrors.low_battery
           $0714 = GenerateUserTriggeredErrors.other_error
           $071c = GenerateUserTriggeredErrors.paper_jam
           $0724 = GenerateUserTriggeredErrors.packet_error
           $0725 = ProtocolUpdate
           $0739 = TransferTiles
           $074b = TransferTiles.vram_transfer
           $0777 = ClearUnusedTiles
           $0787 = ClearUnusedTiles.clear_tiles
           $0794 = ClearUnusedTiles.vram_clear
           $07a9 = ClearUnusedTiles.clearing_over
           $07d0 = ClearUnusedTiles.message_u73
           $07d1 = ProtocolUpdateVblank
           $07e8 = Reset
           $0805 = ProtocolCheckTimeout
           $0829 = ProtocolCheckTimeout.message_u77
           $082c = ProtocolCheckTimeout.reset
           $082d = ProcessFunctionTable
           $0845 = ProtocolHandlePacketByte
           $085a = ChunkPropertyAddresses
           $086e = ChunkAddresses
           $0880 = ProcessMagicByte0
           $08a2 = ProcessMagicByte0.message_u81
           $08b9 = ProcessMagicByte0.message_u82
           $08e4 = ProcessMagicByte0.test_u83
           $08e4 = ProcessMagicByte0.message_u84
           $08f7 = ProcessMagicByte1
           $090e = ProcessMagicByte1.message_u88
           $0939 = ProcessMagicByte1.test_u89
           $0939 = ProcessMagicByte1.message_u90
           $0948 = ProcessHeaderPacketType
           $0982 = ProcessHeaderPacketType.message_u97
           $098a = ProcessHeaderPacketType.type_init
           $09af = ProcessHeaderPacketType.message_u98
           $09b2 = ProcessHeaderPacketType.type_print
           $09d6 = ProcessHeaderPacketType.message_u99
           $09d9 = ProcessHeaderPacketType.type_data
           $09fe = ProcessHeaderPacketType.message_u100
           $0a22 = ProcessHeaderPacketType.message_u101
           $0a24 = ProcessHeaderPacketType.type_break
           $0a47 = ProcessHeaderPacketType.message_u102
           $0a49 = ProcessHeaderPacketType.type_nul
           $0a6b = ProcessHeaderPacketType.packet_type_done
           $0a6b = ProcessHeaderPacketType.message_u103
           $0a73 = ProcessHeaderDataCompression
           $0ace = ProcessHeaderDataCompression.message_u108
           $0ae8 = ProcessHeaderDataSizeLSB
           $0b07 = ProcessHeaderDataSizeLSB.message_u114
           $0b36 = ProcessHeaderDataSizeMSB
           $0b55 = ProcessHeaderDataSizeMSB.message_u122
           $0ba0 = ProcessHeaderDataSizeMSB.has_data
           $0bb0 = ProcessHeaderDataSizeMSB.packet_data
           $0bb9 = ProcessHeaderDataSizeMSB.packet_print
           $0bdb = ProcessHeaderDataSizeMSB.message_u134
           $0be0 = ProcessPacketData
           $0c4e = ProcessPacketData.message_u146
           $0c73 = ProcessPacketData.message_u148
           $0c79 = ProcessPacketPrint
           $0c8c = ProcessPacketPrint.message_u149
           $0cce = ProcessPacketChecksumLSB
           $0ce8 = ProcessPacketChecksumLSB.message_u155
           $0d13 = ProcessPacketChecksumLSB.message_u156
           $0d18 = ProcessPacketChecksumLSB.no_error
           $0d20 = ProcessPacketChecksumMSB
           $0d3a = ProcessPacketChecksumMSB.message_u159
           $0d65 = ProcessPacketChecksumMSB.message_u160
           $0d6a = ProcessPacketChecksumMSB.no_error
           $0d73 = ProcessPacketAck
           $0d84 = ProcessPacketAck.message_u163
           $0d97 = ProcessPacketStatus
           $0dab = ProcessPacketStatus.message_u165
  SECTION: $0db3-$0dff ($004d bytes) ["printer_update"]
           $0db3 = PrinterUpdate
           $0db7 = PrinterUpdate.wait_vblank
  SECTION: $0e00-$0e20 ($0021 bytes) ["interrupt_handlers"]
           $0e00 = LcdInterrupt
           $0e09 = TimerInterrupt
           $0e15 = SerialInterrupt
    SLACK: $720a bytes

USED:
    ROM0: $0df6 bytes in 1 bank
